// Jest Snapshot v1, https://goo.gl/fbAQLP

exports[`Testing the Custom component should create/match the snapshot 1`] = `
<button
  className="btn green bordered "
  data-testid="customButton"
>
  Custom Button
</button>
`;
